// Jest Snapshot v1, https://goo.gl/fbAQLP

exports[`task commands echo command 1`] = `
"{
  \\"filePath\\": \\"$HOME/.ssh/config\\",
  \\"fileContents\\": \\"Host 192.168.100.100\\\\n  Hostname my-server\\\\n  Port 22\\\\n  IdentityFile $HOME/.keys/deploy_key\\\\n  User username\\\\n  StrictHostKeyChecking no\\"
}"
`;
